[2025-04-08 03:01:37,061: INFO: utils: Note: NumExpr detected 16 cores but "NUMEXPR_MAX_THREADS" not set, so enforcing safe limit of 8.]
[2025-04-08 03:01:37,062: INFO: utils: NumExpr defaulting to 8 threads.]
[2025-04-08 03:02:13,070: INFO: main: >>>>>> stage Data Ingestion stage started <<<<<<]
[2025-04-08 03:02:13,077: INFO: common: yaml file: config\config.yaml loaded successfully]
[2025-04-08 03:02:13,082: INFO: common: yaml file: params.yaml loaded successfully]
[2025-04-08 03:02:13,085: INFO: common: created directory at: artifacts]
[2025-04-08 03:02:13,087: INFO: common: created directory at: artifacts/data_ingestion]
[2025-04-08 03:02:14,692: INFO: data_ingestion: artifacts/data_ingestion/data.zip download! with following info: 
Connection: close
Content-Length: 7903594
Cache-Control: max-age=300
Content-Security-Policy: default-src 'none'; style-src 'unsafe-inline'; sandbox
Content-Type: application/zip
ETag: "dbc016a060da18070593b83afff580c9b300f0b6ea4147a7988433e04df246ca"
Strict-Transport-Security: max-age=31536000
X-Content-Type-Options: nosniff
X-Frame-Options: deny
X-XSS-Protection: 1; mode=block
X-GitHub-Request-Id: F84F:3161B4:A698D:196163:67F44245
Accept-Ranges: bytes
Date: Mon, 07 Apr 2025 21:32:14 GMT
Via: 1.1 varnish
X-Served-By: cache-hyd1100022-HYD
X-Cache: HIT
X-Cache-Hits: 0
X-Timer: S1744061534.889719,VS0,VE246
Vary: Authorization,Accept-Encoding,Origin
Access-Control-Allow-Origin: *
Cross-Origin-Resource-Policy: cross-origin
X-Fastly-Request-ID: 470ce5d153cbc98cdb8249e6708c1154d1e6ff40
Expires: Mon, 07 Apr 2025 21:37:14 GMT
Source-Age: 0

]
[2025-04-08 03:02:14,950: INFO: main: >>>>>> stage Data Ingestion stage completed <<<<<<

x==========x]
