[2025-04-14 23:47:09,083: INFO: utils: Note: NumExpr detected 16 cores but "NUMEXPR_MAX_THREADS" not set, so enforcing safe limit of 8.]
[2025-04-14 23:47:09,084: INFO: utils: NumExpr defaulting to 8 threads.]
[2025-04-14 23:47:09,573: INFO: config: PyTorch version 2.6.0 available.]
[2025-04-14 23:48:05,556: INFO: common: yaml file: config\config.yaml loaded successfully]
[2025-04-14 23:48:05,560: INFO: common: yaml file: params.yaml loaded successfully]
[2025-04-14 23:48:05,561: INFO: common: created directory at: artifacts]
[2025-04-14 23:48:05,562: INFO: common: created directory at: artifacts/model_trainer]
[2025-04-14 23:49:56,698: INFO: common: yaml file: config\config.yaml loaded successfully]
[2025-04-14 23:49:56,702: INFO: common: yaml file: params.yaml loaded successfully]
[2025-04-14 23:49:56,704: INFO: common: created directory at: artifacts]
[2025-04-14 23:49:56,704: INFO: common: created directory at: artifacts/model_trainer]
[2025-04-14 23:59:46,556: INFO: common: yaml file: config\config.yaml loaded successfully]
[2025-04-14 23:59:46,563: INFO: common: yaml file: params.yaml loaded successfully]
[2025-04-14 23:59:46,567: INFO: common: created directory at: artifacts]
[2025-04-14 23:59:46,569: INFO: common: created directory at: artifacts/model_trainer]
[2025-04-15 00:03:12,561: INFO: utils: Note: NumExpr detected 16 cores but "NUMEXPR_MAX_THREADS" not set, so enforcing safe limit of 8.]
[2025-04-15 00:03:12,562: INFO: utils: NumExpr defaulting to 8 threads.]
[2025-04-15 00:03:12,973: INFO: config: PyTorch version 2.6.0 available.]
[2025-04-15 00:03:46,615: INFO: common: yaml file: config\config.yaml loaded successfully]
[2025-04-15 00:03:46,621: INFO: common: yaml file: params.yaml loaded successfully]
[2025-04-15 00:03:46,622: INFO: common: created directory at: artifacts]
[2025-04-15 00:03:46,624: INFO: common: created directory at: artifacts/model_trainer]
[2025-04-15 00:04:52,420: INFO: common: yaml file: config\config.yaml loaded successfully]
[2025-04-15 00:04:52,423: INFO: common: yaml file: params.yaml loaded successfully]
[2025-04-15 00:04:52,424: INFO: common: created directory at: artifacts]
[2025-04-15 00:04:52,425: INFO: common: created directory at: artifacts/model_trainer]
